   Compiling syn v2.0.117
    Checking bytemuck v1.25.0
   Compiling zerocopy v0.8.39
   Compiling num-traits v0.2.19
    Checking symphonia-core v0.5.5
    Checking spirv v0.2.0+1.5.4
    Checking profiling v1.0.17
    Checking tiny-skia-path v0.8.4
    Checking symphonia-metadata v0.5.5
    Checking safe_arch v0.7.4
    Checking symphonia-bundle-mp3 v0.5.5
    Checking wide v0.7.33
    Checking tiny-skia v0.8.4
   Compiling thiserror-impl v1.0.69
   Compiling serde_derive v1.0.228
    Checking ultraviolet v0.9.2
    Checking thiserror v1.0.69
    Checking naga v0.12.3
    Checking calloop v0.10.6
    Checking ahash v0.8.12
    Checking hashbrown v0.14.5
    Checking smithay-client-toolkit v0.16.1
    Checking gpu-descriptor v0.2.4
    Checking symphonia v0.5.5
    Checking rodio v0.17.3
    Checking sctk-adwaita v0.5.4
    Checking crossterm v0.28.1
    Checking winit v0.28.7
    Checking serde v1.0.228
    Checking serde_spanned v0.6.9
    Checking toml_datetime v0.6.3
    Checking nes-core v0.1.0 (/app/crates/nes-core)
    Checking wgpu-hal v0.16.2
    Checking toml_edit v0.20.2
    Checking toml v0.8.2
    Checking nes-config v0.1.0 (/app/crates/nes-config)
    Checking nes-rewind v0.1.0 (/app/crates/nes-rewind)
    Checking nes-netplay v0.1.0 (/app/crates/nes-netplay)
    Checking wgpu-core v0.16.1
    Checking wgpu v0.16.3
    Checking pixels v0.13.0
 Documenting nes-desktop v0.1.0 (/app/crates/nes-desktop)
warning: missing documentation for the crate
 --> crates/nes-desktop/src/lib.rs:1:1
  |
1 | / pub mod actions;
2 | | pub mod app;
3 | | pub mod manual_state;
4 | | pub mod menu;
5 | | pub mod overlay;
6 | | pub mod rta;
7 | | pub mod session_cheats;
  | |_______________________^
  |
  = note: requested on the command line with `-W missing-docs`

warning: missing documentation for a module
 --> crates/nes-desktop/src/lib.rs:1:1
  |
1 | pub mod actions;
  | ^^^^^^^^^^^^^^^

warning: missing documentation for a module
 --> crates/nes-desktop/src/lib.rs:2:1
  |
2 | pub mod app;
  | ^^^^^^^^^^^

warning: missing documentation for a module
 --> crates/nes-desktop/src/lib.rs:3:1
  |
3 | pub mod manual_state;
  | ^^^^^^^^^^^^^^^^^^^^

warning: missing documentation for a module
 --> crates/nes-desktop/src/lib.rs:4:1
  |
4 | pub mod menu;
  | ^^^^^^^^^^^^

warning: missing documentation for a module
 --> crates/nes-desktop/src/lib.rs:6:1
  |
6 | pub mod rta;
  | ^^^^^^^^^^^

warning: missing documentation for a module
 --> crates/nes-desktop/src/lib.rs:7:1
  |
7 | pub mod session_cheats;
  | ^^^^^^^^^^^^^^^^^^^^^^

warning: missing documentation for a variant
 --> crates/nes-desktop/src/actions.rs:4:5
  |
4 |     ToggleOverlay,
  |     ^^^^^^^^^^^^^

warning: missing documentation for a variant
 --> crates/nes-desktop/src/actions.rs:5:5
  |
5 |     Resume,
  |     ^^^^^^

warning: missing documentation for a variant
 --> crates/nes-desktop/src/actions.rs:6:5
  |
6 |     OpenRom,
  |     ^^^^^^^

warning: missing documentation for a variant
 --> crates/nes-desktop/src/actions.rs:7:5
  |
7 |     OpenCheats,
  |     ^^^^^^^^^^

warning: missing documentation for a variant
 --> crates/nes-desktop/src/actions.rs:8:5
  |
8 |     SaveSlot(u8),
  |     ^^^^^^^^

warning: missing documentation for a variant
 --> crates/nes-desktop/src/actions.rs:9:5
  |
9 |     LoadSlot(u8),
  |     ^^^^^^^^

warning: missing documentation for a variant
  --> crates/nes-desktop/src/actions.rs:10:5
   |
10 |     Reset,
   |     ^^^^^

warning: missing documentation for a variant
  --> crates/nes-desktop/src/actions.rs:11:5
   |
11 |     Quit,
   |     ^^^^

warning: missing documentation for a struct
 --> crates/nes-desktop/src/app.rs:4:1
  |
4 | pub struct BridgeCommand {
  | ^^^^^^^^^^^^^^^^^^^^^^^^

warning: missing documentation for a struct field
 --> crates/nes-desktop/src/app.rs:5:5
  |
5 |     pub core: Command,
  |     ^^^^^^^^^^^^^^^^^

warning: missing documentation for a method
  --> crates/nes-desktop/src/app.rs:10:5
   |
10 |     pub fn tool_name(self) -> &'static str {
   |     ^^^^^^^^^^^^^^^^^^^^^^^^^^^^^^^^^^^^^^

warning: missing documentation for a function
  --> crates/nes-desktop/src/app.rs:20:1
   |
20 | pub fn map_key_event_to_command(key_code: &str, pressed: bool) -> Option<BridgeCommand> {
   | ^^^^^^^^^^^^^^^^^^^^^^^^^^^^^^^^^^^^^^^^^^^^^^^^^^^^^^^^^^^^^^^^^^^^^^^^^^^^^^^^^^^^^^^

warning: missing documentation for a function
  --> crates/nes-desktop/src/app.rs:33:1
   |
33 | pub fn map_key_event_to_button(key_code: &str) -> Option<Button> {
   | ^^^^^^^^^^^^^^^^^^^^^^^^^^^^^^^^^^^^^^^^^^^^^^^^^^^^^^^^^^^^^^^^

warning: missing documentation for a function
  --> crates/nes-desktop/src/app.rs:48:1
   |
48 | pub fn map_key_event_to_button_bit(key_code: &str) -> Option<u8> {
   | ^^^^^^^^^^^^^^^^^^^^^^^^^^^^^^^^^^^^^^^^^^^^^^^^^^^^^^^^^^^^^^^^

warning: missing documentation for an enum
  --> crates/nes-desktop/src/manual_state.rs:22:1
   |
22 | pub enum SaveSlotStatus {
   | ^^^^^^^^^^^^^^^^^^^^^^^

warning: missing documentation for a variant
  --> crates/nes-desktop/src/manual_state.rs:23:5
   |
23 |     Empty,
   |     ^^^^^

warning: missing documentation for a variant
  --> crates/nes-desktop/src/manual_state.rs:24:5
   |
24 |     Saved,
   |     ^^^^^

warning: missing documentation for a variant
  --> crates/nes-desktop/src/manual_state.rs:25:5
   |
25 |     Corrupt,
   |     ^^^^^^^

warning: missing documentation for a variant
  --> crates/nes-desktop/src/manual_state.rs:26:5
   |
26 |     IncompatibleRom,
   |     ^^^^^^^^^^^^^^^

warning: missing documentation for a struct
  --> crates/nes-desktop/src/manual_state.rs:30:1
   |
30 | pub struct SaveSlotMetadata {
   | ^^^^^^^^^^^^^^^^^^^^^^^^^^^

warning: missing documentation for a struct field
  --> crates/nes-desktop/src/manual_state.rs:31:5
   |
31 |     pub slot: u8,
   |     ^^^^^^^^^^^^

warning: missing documentation for a struct field
  --> crates/nes-desktop/src/manual_state.rs:32:5
   |
32 |     pub path: PathBuf,
   |     ^^^^^^^^^^^^^^^^^

warning: missing documentation for a struct field
  --> crates/nes-desktop/src/manual_state.rs:33:5
   |
33 |     pub status: SaveSlotStatus,
   |     ^^^^^^^^^^^^^^^^^^^^^^^^^^

warning: missing documentation for a struct field
  --> crates/nes-desktop/src/manual_state.rs:34:5
   |
34 |     pub modified_unix_secs: Option<u64>,
   |     ^^^^^^^^^^^^^^^^^^^^^^^^^^^^^^^^^^^

warning: missing documentation for a function
   --> crates/nes-desktop/src/manual_state.rs:117:1
    |
117 | pub fn slot_path_for_rom(rom_path: &Path, rom_hash: &str, slot: u8) -> PathBuf {
    | ^^^^^^^^^^^^^^^^^^^^^^^^^^^^^^^^^^^^^^^^^^^^^^^^^^^^^^^^^^^^^^^^^^^^^^^^^^^^^^

warning: missing documentation for a function
   --> crates/nes-desktop/src/manual_state.rs:126:1
    |
126 | / pub fn slot_paths_for_rom(
127 | |     rom_path: &Path,
128 | |     rom_hash: &str,
129 | |     slots: RangeInclusive<u8>,
130 | | ) -> Vec<PathBuf> {
    | |_________________^

warning: missing documentation for a function
   --> crates/nes-desktop/src/manual_state.rs:137:1
    |
137 | pub fn quicksave_path_for_rom(rom_path: &Path, rom_hash: &str) -> PathBuf {
    | ^^^^^^^^^^^^^^^^^^^^^^^^^^^^^^^^^^^^^^^^^^^^^^^^^^^^^^^^^^^^^^^^^^^^^^^^^

warning: missing documentation for a function
   --> crates/nes-desktop/src/manual_state.rs:143:1
    |
143 | pub fn save_state_file(path: &Path, rom_hash: &str, snapshot: &CoreSnapshot) -> Result<(), String> {
    | ^^^^^^^^^^^^^^^^^^^^^^^^^^^^^^^^^^^^^^^^^^^^^^^^^^^^^^^^^^^^^^^^^^^^^^^^^^^^^^^^^^^^^^^^^^^^^^^^^^

warning: missing documentation for a function
   --> crates/nes-desktop/src/manual_state.rs:168:1
    |
168 | pub fn load_state_file(path: &Path, expected_rom_hash: &str) -> Result<CoreSnapshot, String> {
    | ^^^^^^^^^^^^^^^^^^^^^^^^^^^^^^^^^^^^^^^^^^^^^^^^^^^^^^^^^^^^^^^^^^^^^^^^^^^^^^^^^^^^^^^^^^^^

warning: missing documentation for a function
   --> crates/nes-desktop/src/manual_state.rs:180:1
    |
180 | / pub fn read_slot_metadata(
181 | |     path: &Path,
182 | |     expected_rom_hash: &str,
183 | | ) -> Result<SaveSlotMetadata, String> {
    | |_____________________________________^

warning: missing documentation for a method
  --> crates/nes-desktop/src/menu.rs:25:5
   |
25 |     pub fn entries(&self) -> &[DesktopMenuEntry] {
   |     ^^^^^^^^^^^^^^^^^^^^^^^^^^^^^^^^^^^^^^^^^^^^

warning: missing documentation for a method
  --> crates/nes-desktop/src/menu.rs:30:5
   |
30 |     pub fn install_for_window(&self, window: &Window) -> Result<(), String> {
   |     ^^^^^^^^^^^^^^^^^^^^^^^^^^^^^^^^^^^^^^^^^^^^^^^^^^^^^^^^^^^^^^^^^^^^^^^

warning: missing documentation for a method
  --> crates/nes-desktop/src/menu.rs:50:5
   |
50 |     pub fn poll_action(&self) -> Option<AppAction> {
   |     ^^^^^^^^^^^^^^^^^^^^^^^^^^^^^^^^^^^^^^^^^^^^^^

warning: missing documentation for a method
  --> crates/nes-desktop/src/menu.rs:63:5
   |
63 |     pub fn set_action_enabled(&self, action: AppAction, enabled: bool) {
   |     ^^^^^^^^^^^^^^^^^^^^^^^^^^^^^^^^^^^^^^^^^^^^^^^^^^^^^^^^^^^^^^^^^^

warning: missing documentation for a method
  --> crates/nes-desktop/src/menu.rs:76:5
   |
76 |     pub fn sync_runtime_state(&self, rollback_enabled: bool) {
   |     ^^^^^^^^^^^^^^^^^^^^^^^^^^^^^^^^^^^^^^^^^^^^^^^^^^^^^^^^

warning: missing documentation for a variant
   --> crates/nes-desktop/src/menu.rs:101:5
    |
101 |     Item(MenuItemSpec),
    |     ^^^^

warning: missing documentation for a variant
   --> crates/nes-desktop/src/menu.rs:102:5
    |
102 |     Separator,
    |     ^^^^^^^^^

warning: missing documentation for a variant
   --> crates/nes-desktop/src/menu.rs:103:5
    |
103 |     Submenu {
    |     ^^^^^^^

warning: missing documentation for a struct field
   --> crates/nes-desktop/src/menu.rs:104:9
    |
104 |         label: &'static str,
    |         ^^^^^^^^^^^^^^^^^^^

warning: missing documentation for a struct field
   --> crates/nes-desktop/src/menu.rs:105:9
    |
105 |         entries: Vec<DesktopMenuEntry>,
    |         ^^^^^^^^^^^^^^^^^^^^^^^^^^^^^^

warning: missing documentation for a struct field
   --> crates/nes-desktop/src/menu.rs:112:5
    |
112 |     pub id: String,
    |     ^^^^^^^^^^^^^^

warning: missing documentation for a struct field
   --> crates/nes-desktop/src/menu.rs:113:5
    |
113 |     pub label: String,
    |     ^^^^^^^^^^^^^^^^^

warning: missing documentation for a function
   --> crates/nes-desktop/src/menu.rs:176:1
    |
176 | pub const fn native_menu_supported() -> bool {
    | ^^^^^^^^^^^^^^^^^^^^^^^^^^^^^^^^^^^^^^^^^^^^

warning: missing documentation for a function
   --> crates/nes-desktop/src/menu.rs:188:1
    |
188 | pub const fn rom_picker_supported() -> bool {
    | ^^^^^^^^^^^^^^^^^^^^^^^^^^^^^^^^^^^^^^^^^^^

warning: missing documentation for a variant
  --> crates/nes-desktop/src/overlay.rs:26:5
   |
26 |     MainMenu,
   |     ^^^^^^^^

warning: missing documentation for a variant
  --> crates/nes-desktop/src/overlay.rs:27:5
   |
27 |     Cheats,
   |     ^^^^^^

warning: missing documentation for a variant
  --> crates/nes-desktop/src/overlay.rs:33:5
   |
33 |     Resume,
   |     ^^^^^^

warning: missing documentation for a variant
  --> crates/nes-desktop/src/overlay.rs:34:5
   |
34 |     OpenRom,
   |     ^^^^^^^

warning: missing documentation for a variant
  --> crates/nes-desktop/src/overlay.rs:35:5
   |
35 |     OpenCheats,
   |     ^^^^^^^^^^

warning: missing documentation for a variant
  --> crates/nes-desktop/src/overlay.rs:36:5
   |
36 |     SaveSlot(u8),
   |     ^^^^^^^^

warning: missing documentation for a variant
  --> crates/nes-desktop/src/overlay.rs:37:5
   |
37 |     LoadSlot(u8),
   |     ^^^^^^^^

warning: missing documentation for a variant
  --> crates/nes-desktop/src/overlay.rs:38:5
   |
38 |     Reset,
   |     ^^^^^

warning: missing documentation for a variant
  --> crates/nes-desktop/src/overlay.rs:39:5
   |
39 |     Quit,
   |     ^^^^

warning: missing documentation for a variant
  --> crates/nes-desktop/src/overlay.rs:45:5
   |
45 |     AddCode,
   |     ^^^^^^^

warning: missing documentation for a variant
  --> crates/nes-desktop/src/overlay.rs:46:5
   |
46 |     Cheat(usize),
   |     ^^^^^

warning: missing documentation for a variant
  --> crates/nes-desktop/src/overlay.rs:52:5
   |
52 |     Main(MainMenuSelection),
   |     ^^^^

warning: missing documentation for a variant
  --> crates/nes-desktop/src/overlay.rs:53:5
   |
53 |     Cheats(CheatsSelection),
   |     ^^^^^^

warning: missing documentation for a variant
  --> crates/nes-desktop/src/overlay.rs:59:5
   |
59 |     AppAction(AppAction),
   |     ^^^^^^^^^

warning: missing documentation for a variant
  --> crates/nes-desktop/src/overlay.rs:60:5
   |
60 |     ToggleCheat(usize),
   |     ^^^^^^^^^^^

warning: missing documentation for a variant
  --> crates/nes-desktop/src/overlay.rs:61:5
   |
61 |     RemoveCheat(usize),
   |     ^^^^^^^^^^^

warning: missing documentation for a variant
  --> crates/nes-desktop/src/overlay.rs:62:5
   |
62 |     SubmitCheatCode(String),
   |     ^^^^^^^^^^^^^^^

warning: missing documentation for a struct field
  --> crates/nes-desktop/src/overlay.rs:68:5
   |
68 |     pub slot: u8,
   |     ^^^^^^^^^^^^

warning: missing documentation for a struct field
  --> crates/nes-desktop/src/overlay.rs:69:5
   |
69 |     pub status_label: String,
   |     ^^^^^^^^^^^^^^^^^^^^^^^^

warning: missing documentation for a struct field
  --> crates/nes-desktop/src/overlay.rs:70:5
   |
70 |     pub detail: Option<String>,
   |     ^^^^^^^^^^^^^^^^^^^^^^^^^^

warning: missing documentation for a struct field
  --> crates/nes-desktop/src/overlay.rs:87:5
   |
87 |     pub raw_code: String,
   |     ^^^^^^^^^^^^^^^^^^^^

warning: missing documentation for a struct field
  --> crates/nes-desktop/src/overlay.rs:88:5
   |
88 |     pub enabled: bool,
   |     ^^^^^^^^^^^^^^^^^

warning: missing documentation for a constant
 --> crates/nes-desktop/src/rta.rs:9:1
  |
9 | pub const DEFAULT_RTA_PROFILES_DIR: &str = "config/rta/profiles";
  | ^^^^^^^^^^^^^^^^^^^^^^^^^^^^^^^^^^^^^^^^

warning: missing documentation for a constant
  --> crates/nes-desktop/src/rta.rs:10:1
   |
10 | pub const DEFAULT_RTA_RUNS_DIR: &str = "runs/rta";
   | ^^^^^^^^^^^^^^^^^^^^^^^^^^^^^^^^^^^^

warning: missing documentation for an enum
  --> crates/nes-desktop/src/rta.rs:14:1
   |
14 | pub enum ProfileStatus {
   | ^^^^^^^^^^^^^^^^^^^^^^

warning: missing documentation for a variant
  --> crates/nes-desktop/src/rta.rs:15:5
   |
15 |     Draft,
   |     ^^^^^

warning: missing documentation for a variant
  --> crates/nes-desktop/src/rta.rs:17:5
   |
17 |     Published,
   |     ^^^^^^^^^

warning: missing documentation for an enum
  --> crates/nes-desktop/src/rta.rs:22:1
   |
22 | pub enum TimerClock {
   | ^^^^^^^^^^^^^^^^^^^

warning: missing documentation for a variant
  --> crates/nes-desktop/src/rta.rs:24:5
   |
24 |     Wall,
   |     ^^^^

warning: missing documentation for an enum
  --> crates/nes-desktop/src/rta.rs:29:1
   |
29 | pub enum FocusLossPolicy {
   | ^^^^^^^^^^^^^^^^^^^^^^^^

warning: missing documentation for a variant
  --> crates/nes-desktop/src/rta.rs:30:5
   |
30 |     AutoPause,
   |     ^^^^^^^^^

warning: missing documentation for a variant
  --> crates/nes-desktop/src/rta.rs:31:5
   |
31 |     Invalidate,
   |     ^^^^^^^^^^

warning: missing documentation for a variant
  --> crates/nes-desktop/src/rta.rs:33:5
   |
33 |     Continue,
   |     ^^^^^^^^

warning: missing documentation for an enum
  --> crates/nes-desktop/src/rta.rs:38:1
   |
38 | pub enum ForbiddenAction {
   | ^^^^^^^^^^^^^^^^^^^^^^^^

warning: missing documentation for a variant
  --> crates/nes-desktop/src/rta.rs:40:5
   |
40 |     Rewind,
   |     ^^^^^^

warning: missing documentation for a variant
  --> crates/nes-desktop/src/rta.rs:41:5
   |
41 |     SaveLoad,
   |     ^^^^^^^^

warning: missing documentation for a variant
  --> crates/nes-desktop/src/rta.rs:42:5
   |
42 |     FrameStep,
   |     ^^^^^^^^^

warning: missing documentation for an enum
  --> crates/nes-desktop/src/rta.rs:57:1
   |
57 | pub enum TriggerWidth {
   | ^^^^^^^^^^^^^^^^^^^^^

warning: missing documentation for a variant
  --> crates/nes-desktop/src/rta.rs:59:5
   |
59 |     U8,
   |     ^^

warning: missing documentation for a variant
  --> crates/nes-desktop/src/rta.rs:60:5
   |
60 |     U16,
   |     ^^^

warning: missing documentation for a variant
  --> crates/nes-desktop/src/rta.rs:61:5
   |
61 |     U32,
   |     ^^^

warning: missing documentation for an enum
  --> crates/nes-desktop/src/rta.rs:66:1
   |
66 | pub enum TriggerOp {
   | ^^^^^^^^^^^^^^^^^^

warning: missing documentation for a variant
  --> crates/nes-desktop/src/rta.rs:68:5
   |
68 |     Eq,
   |     ^^

warning: missing documentation for a variant
  --> crates/nes-desktop/src/rta.rs:69:5
   |
69 |     Ne,
   |     ^^

warning: missing documentation for a variant
  --> crates/nes-desktop/src/rta.rs:70:5
   |
70 |     Gt,
   |     ^^

warning: missing documentation for a variant
  --> crates/nes-desktop/src/rta.rs:71:5
   |
71 |     Gte,
   |     ^^^

warning: missing documentation for a variant
  --> crates/nes-desktop/src/rta.rs:72:5
   |
72 |     Lt,
   |     ^^

warning: missing documentation for a variant
  --> crates/nes-desktop/src/rta.rs:73:5
   |
73 |     Lte,
   |     ^^^

warning: missing documentation for a variant
  --> crates/nes-desktop/src/rta.rs:74:5
   |
74 |     BitSet,
   |     ^^^^^^

warning: missing documentation for a variant
  --> crates/nes-desktop/src/rta.rs:75:5
   |
75 |     BitClear,
   |     ^^^^^^^^

warning: missing documentation for a variant
  --> crates/nes-desktop/src/rta.rs:76:5
   |
76 |     Changed,
   |     ^^^^^^^

warning: missing documentation for a struct
  --> crates/nes-desktop/src/rta.rs:81:1
   |
81 | pub struct TimerPolicy {
   | ^^^^^^^^^^^^^^^^^^^^^^

warning: missing documentation for a struct field
  --> crates/nes-desktop/src/rta.rs:82:5
   |
82 |     pub clock: TimerClock,
   |     ^^^^^^^^^^^^^^^^^^^^^

warning: missing documentation for a struct field
  --> crates/nes-desktop/src/rta.rs:83:5
   |
83 |     pub focus_loss: FocusLossPolicy,
   |     ^^^^^^^^^^^^^^^^^^^^^^^^^^^^^^^

warning: missing documentation for a struct field
  --> crates/nes-desktop/src/rta.rs:84:5
   |
84 |     pub manual_fallback: bool,
   |     ^^^^^^^^^^^^^^^^^^^^^^^^^

warning: missing documentation for a struct
  --> crates/nes-desktop/src/rta.rs:99:1
   |
99 | pub struct InvalidationPolicy {
   | ^^^^^^^^^^^^^^^^^^^^^^^^^^^^^

warning: missing documentation for a struct field
   --> crates/nes-desktop/src/rta.rs:100:5
    |
100 |     pub invalidate_on: Vec<ForbiddenAction>,
    |     ^^^^^^^^^^^^^^^^^^^^^^^^^^^^^^^^^^^^^^^

warning: missing documentation for a struct
   --> crates/nes-desktop/src/rta.rs:117:1
    |
117 | pub struct SplitPolicy {
    | ^^^^^^^^^^^^^^^^^^^^^^

warning: missing documentation for a struct field
   --> crates/nes-desktop/src/rta.rs:118:5
    |
118 |     pub append_only: bool,
    |     ^^^^^^^^^^^^^^^^^^^^^

warning: missing documentation for a struct field
   --> crates/nes-desktop/src/rta.rs:119:5
    |
119 |     pub manual_hotkey: String,
    |     ^^^^^^^^^^^^^^^^^^^^^^^^^

warning: missing documentation for a struct
   --> crates/nes-desktop/src/rta.rs:133:1
    |
133 | pub struct LoggingPolicy {
    | ^^^^^^^^^^^^^^^^^^^^^^^^

warning: missing documentation for a struct field
   --> crates/nes-desktop/src/rta.rs:134:5
    |
134 |     pub save_input_log: bool,
    |     ^^^^^^^^^^^^^^^^^^^^^^^^

warning: missing documentation for a struct
   --> crates/nes-desktop/src/rta.rs:139:1
    |
139 | pub struct TriggerRule {
    | ^^^^^^^^^^^^^^^^^^^^^^

warning: missing documentation for a struct field
   --> crates/nes-desktop/src/rta.rs:140:5
    |
140 |     pub address: u16,
    |     ^^^^^^^^^^^^^^^^

warning: missing documentation for a struct field
   --> crates/nes-desktop/src/rta.rs:141:5
    |
141 |     pub width: TriggerWidth,
    |     ^^^^^^^^^^^^^^^^^^^^^^^

warning: missing documentation for a struct field
   --> crates/nes-desktop/src/rta.rs:142:5
    |
142 |     pub op: TriggerOp,
    |     ^^^^^^^^^^^^^^^^^

warning: missing documentation for a struct field
   --> crates/nes-desktop/src/rta.rs:143:5
    |
143 |     pub value: u32,
    |     ^^^^^^^^^^^^^^

warning: missing documentation for a struct field
   --> crates/nes-desktop/src/rta.rs:144:5
    |
144 |     pub debounce_frames: u32,
    |     ^^^^^^^^^^^^^^^^^^^^^^^^

warning: missing documentation for a struct field
   --> crates/nes-desktop/src/rta.rs:145:5
    |
145 |     pub require_consecutive: u32,
    |     ^^^^^^^^^^^^^^^^^^^^^^^^^^^^

warning: missing documentation for a struct
   --> crates/nes-desktop/src/rta.rs:163:1
    |
163 | pub struct SplitRule {
    | ^^^^^^^^^^^^^^^^^^^^

warning: missing documentation for a struct field
   --> crates/nes-desktop/src/rta.rs:164:5
    |
164 |     pub name: String,
    |     ^^^^^^^^^^^^^^^^

warning: missing documentation for a struct field
   --> crates/nes-desktop/src/rta.rs:165:5
    |
165 |     pub trigger: TriggerRule,
    |     ^^^^^^^^^^^^^^^^^^^^^^^^

warning: missing documentation for a struct
   --> crates/nes-desktop/src/rta.rs:179:1
    |
179 | pub struct RtaProfile {
    | ^^^^^^^^^^^^^^^^^^^^^

warning: missing documentation for a struct field
   --> crates/nes-desktop/src/rta.rs:180:5
    |
180 |     pub id: String,
    |     ^^^^^^^^^^^^^^

warning: missing documentation for a struct field
   --> crates/nes-desktop/src/rta.rs:181:5
    |
181 |     pub game: Option<String>,
    |     ^^^^^^^^^^^^^^^^^^^^^^^^

warning: missing documentation for a struct field
   --> crates/nes-desktop/src/rta.rs:182:5
    |
182 |     pub category: Option<String>,
    |     ^^^^^^^^^^^^^^^^^^^^^^^^^^^^

warning: missing documentation for a struct field
   --> crates/nes-desktop/src/rta.rs:183:5
    |
183 |     pub version: Option<String>,
    |     ^^^^^^^^^^^^^^^^^^^^^^^^^^^

warning: missing documentation for a struct field
   --> crates/nes-desktop/src/rta.rs:184:5
    |
184 |     pub status: ProfileStatus,
    |     ^^^^^^^^^^^^^^^^^^^^^^^^^

warning: missing documentation for a struct field
   --> crates/nes-desktop/src/rta.rs:185:5
    |
185 |     pub rom_hashes: Vec<String>,
    |     ^^^^^^^^^^^^^^^^^^^^^^^^^^^

warning: missing documentation for a struct field
   --> crates/nes-desktop/src/rta.rs:186:5
    |
186 |     pub timer: TimerPolicy,
    |     ^^^^^^^^^^^^^^^^^^^^^^

warning: missing documentation for a struct field
   --> crates/nes-desktop/src/rta.rs:187:5
    |
187 |     pub invalidation: InvalidationPolicy,
    |     ^^^^^^^^^^^^^^^^^^^^^^^^^^^^^^^^^^^^

warning: missing documentation for a struct field
   --> crates/nes-desktop/src/rta.rs:188:5
    |
188 |     pub split_policy: SplitPolicy,
    |     ^^^^^^^^^^^^^^^^^^^^^^^^^^^^^

warning: missing documentation for a struct field
   --> crates/nes-desktop/src/rta.rs:189:5
    |
189 |     pub logging: LoggingPolicy,
    |     ^^^^^^^^^^^^^^^^^^^^^^^^^^

warning: missing documentation for a struct field
   --> crates/nes-desktop/src/rta.rs:190:5
    |
190 |     pub start: TriggerRule,
    |     ^^^^^^^^^^^^^^^^^^^^^^

warning: missing documentation for a struct field
   --> crates/nes-desktop/src/rta.rs:191:5
    |
191 |     pub pause: Option<TriggerRule>,
    |     ^^^^^^^^^^^^^^^^^^^^^^^^^^^^^^

warning: missing documentation for a struct field
   --> crates/nes-desktop/src/rta.rs:192:5
    |
192 |     pub resume: Option<TriggerRule>,
    |     ^^^^^^^^^^^^^^^^^^^^^^^^^^^^^^^

warning: missing documentation for a struct field
   --> crates/nes-desktop/src/rta.rs:193:5
    |
193 |     pub end: TriggerRule,
    |     ^^^^^^^^^^^^^^^^^^^^

warning: missing documentation for a struct field
   --> crates/nes-desktop/src/rta.rs:194:5
    |
194 |     pub splits: Vec<SplitRule>,
    |     ^^^^^^^^^^^^^^^^^^^^^^^^^^

warning: missing documentation for a struct
   --> crates/nes-desktop/src/rta.rs:223:1
    |
223 | pub struct LoadedProfile {
    | ^^^^^^^^^^^^^^^^^^^^^^^^

warning: missing documentation for a struct field
   --> crates/nes-desktop/src/rta.rs:224:5
    |
224 |     pub path: PathBuf,
    |     ^^^^^^^^^^^^^^^^^

warning: missing documentation for a struct field
   --> crates/nes-desktop/src/rta.rs:225:5
    |
225 |     pub profile: RtaProfile,
    |     ^^^^^^^^^^^^^^^^^^^^^^^

warning: missing documentation for an enum
   --> crates/nes-desktop/src/rta.rs:229:1
    |
229 | pub enum ProfileSelectionSource {
    | ^^^^^^^^^^^^^^^^^^^^^^^^^^^^^^^

warning: missing documentation for a variant
   --> crates/nes-desktop/src/rta.rs:230:5
    |
230 |     AutoByRomHash,
    |     ^^^^^^^^^^^^^

warning: missing documentation for a variant
   --> crates/nes-desktop/src/rta.rs:231:5
    |
231 |     ManualOverride,
    |     ^^^^^^^^^^^^^^

warning: missing documentation for a struct
   --> crates/nes-desktop/src/rta.rs:235:1
    |
235 | pub struct ProfileSelection {
    | ^^^^^^^^^^^^^^^^^^^^^^^^^^^

warning: missing documentation for a struct field
   --> crates/nes-desktop/src/rta.rs:236:5
    |
236 |     pub selected: LoadedProfile,
    |     ^^^^^^^^^^^^^^^^^^^^^^^^^^^

warning: missing documentation for a struct field
   --> crates/nes-desktop/src/rta.rs:237:5
    |
237 |     pub source: ProfileSelectionSource,
    |     ^^^^^^^^^^^^^^^^^^^^^^^^^^^^^^^^^^

warning: missing documentation for a function
   --> crates/nes-desktop/src/rta.rs:240:1
    |
240 | pub fn compute_rom_hash(rom_bytes: &[u8]) -> String {
    | ^^^^^^^^^^^^^^^^^^^^^^^^^^^^^^^^^^^^^^^^^^^^^^^^^^^

warning: missing documentation for a function
   --> crates/nes-desktop/src/rta.rs:257:1
    |
257 | pub fn load_profiles(dir: &Path) -> Result<Vec<LoadedProfile>, String> {
    | ^^^^^^^^^^^^^^^^^^^^^^^^^^^^^^^^^^^^^^^^^^^^^^^^^^^^^^^^^^^^^^^^^^^^^^

warning: missing documentation for an enum
   --> crates/nes-desktop/src/rta.rs:388:1
    |
388 | pub enum RtaSessionState {
    | ^^^^^^^^^^^^^^^^^^^^^^^^

warning: missing documentation for a variant
   --> crates/nes-desktop/src/rta.rs:389:5
    |
389 |     Idle,
    |     ^^^^

warning: missing documentation for a variant
   --> crates/nes-desktop/src/rta.rs:390:5
    |
390 |     Armed,
    |     ^^^^^

warning: missing documentation for a variant
   --> crates/nes-desktop/src/rta.rs:391:5
    |
391 |     Running,
    |     ^^^^^^^

warning: missing documentation for a variant
   --> crates/nes-desktop/src/rta.rs:392:5
    |
392 |     Finished,
    |     ^^^^^^^^

warning: missing documentation for a variant
   --> crates/nes-desktop/src/rta.rs:393:5
    |
393 |     InvalidPractice,
    |     ^^^^^^^^^^^^^^^

warning: missing documentation for an enum
   --> crates/nes-desktop/src/rta.rs:497:1
    |
497 | pub enum SplitSource {
    | ^^^^^^^^^^^^^^^^^^^^

warning: missing documentation for a variant
   --> crates/nes-desktop/src/rta.rs:498:5
    |
498 |     Automatic,
    |     ^^^^^^^^^

warning: missing documentation for a variant
   --> crates/nes-desktop/src/rta.rs:499:5
    |
499 |     Manual,
    |     ^^^^^^

warning: missing documentation for a struct
   --> crates/nes-desktop/src/rta.rs:503:1
    |
503 | pub struct SplitEvent {
    | ^^^^^^^^^^^^^^^^^^^^^

warning: missing documentation for a struct field
   --> crates/nes-desktop/src/rta.rs:504:5
    |
504 |     pub name: String,
    |     ^^^^^^^^^^^^^^^^

warning: missing documentation for a struct field
   --> crates/nes-desktop/src/rta.rs:505:5
    |
505 |     pub source: SplitSource,
    |     ^^^^^^^^^^^^^^^^^^^^^^^

warning: missing documentation for a struct field
   --> crates/nes-desktop/src/rta.rs:506:5
    |
506 |     pub frame: u64,
    |     ^^^^^^^^^^^^^^

warning: missing documentation for a struct field
   --> crates/nes-desktop/src/rta.rs:507:5
    |
507 |     pub elapsed_ms: u128,
    |     ^^^^^^^^^^^^^^^^^^^^

warning: missing documentation for a struct
   --> crates/nes-desktop/src/rta.rs:511:1
    |
511 | pub struct InputLogFrame {
    | ^^^^^^^^^^^^^^^^^^^^^^^^

warning: missing documentation for a struct field
   --> crates/nes-desktop/src/rta.rs:512:5
    |
512 |     pub frame: u64,
    |     ^^^^^^^^^^^^^^

warning: missing documentation for a struct field
   --> crates/nes-desktop/src/rta.rs:513:5
    |
513 |     pub controller1_bits: u8,
    |     ^^^^^^^^^^^^^^^^^^^^^^^^

warning: missing documentation for a struct field
   --> crates/nes-desktop/src/rta.rs:514:5
    |
514 |     pub controller2_bits: u8,
    |     ^^^^^^^^^^^^^^^^^^^^^^^^

warning: missing documentation for a struct field
   --> crates/nes-desktop/src/rta.rs:515:5
    |
515 |     pub elapsed_ms: u128,
    |     ^^^^^^^^^^^^^^^^^^^^

warning: missing documentation for an enum
   --> crates/nes-desktop/src/rta.rs:519:1
    |
519 | pub enum RtaEvent {
    | ^^^^^^^^^^^^^^^^^

warning: missing documentation for a variant
   --> crates/nes-desktop/src/rta.rs:520:5
    |
520 |     Started,
    |     ^^^^^^^

warning: missing documentation for a variant
   --> crates/nes-desktop/src/rta.rs:521:5
    |
521 |     Paused,
    |     ^^^^^^

warning: missing documentation for a variant
   --> crates/nes-desktop/src/rta.rs:522:5
    |
522 |     Resumed,
    |     ^^^^^^^

warning: missing documentation for a variant
   --> crates/nes-desktop/src/rta.rs:523:5
    |
523 |     Split(SplitEvent),
    |     ^^^^^

warning: missing documentation for a variant
   --> crates/nes-desktop/src/rta.rs:524:5
    |
524 |     Invalidated(String),
    |     ^^^^^^^^^^^

warning: missing documentation for a variant
   --> crates/nes-desktop/src/rta.rs:525:5
    |
525 |     Finished(Duration),
    |     ^^^^^^^^

warning: missing documentation for a struct
   --> crates/nes-desktop/src/rta.rs:529:1
    |
529 | pub struct RunArtifactPaths {
    | ^^^^^^^^^^^^^^^^^^^^^^^^^^^

warning: missing documentation for a struct field
   --> crates/nes-desktop/src/rta.rs:530:5
    |
530 |     pub run_json_path: PathBuf,
    |     ^^^^^^^^^^^^^^^^^^^^^^^^^^

warning: missing documentation for a struct field
   --> crates/nes-desktop/src/rta.rs:531:5
    |
531 |     pub input_log_path: Option<PathBuf>,
    |     ^^^^^^^^^^^^^^^^^^^^^^^^^^^^^^^^^^^

warning: missing documentation for a struct
   --> crates/nes-desktop/src/rta.rs:546:1
    |
546 | pub struct RtaManager {
    | ^^^^^^^^^^^^^^^^^^^^^

warning: missing documentation for an associated function
   --> crates/nes-desktop/src/rta.rs:566:5
    |
566 | /     pub fn new(
567 | |         profile: RtaProfile,
568 | |         rom_hash: String,
569 | |         runs_dir: PathBuf,
570 | |         calibration: Option<CalibrationRecorder>,
571 | |     ) -> Self {
    | |_____________^

warning: missing documentation for a method
   --> crates/nes-desktop/src/rta.rs:611:5
    |
611 |     pub fn state(&self) -> RtaSessionState {
    |     ^^^^^^^^^^^^^^^^^^^^^^^^^^^^^^^^^^^^^^

warning: missing documentation for a method
   --> crates/nes-desktop/src/rta.rs:615:5
    |
615 |     pub fn profile_id(&self) -> &str {
    |     ^^^^^^^^^^^^^^^^^^^^^^^^^^^^^^^^

warning: missing documentation for a method
   --> crates/nes-desktop/src/rta.rs:619:5
    |
619 |     pub fn is_calibrating(&self) -> bool {
    |     ^^^^^^^^^^^^^^^^^^^^^^^^^^^^^^^^^^^^

warning: missing documentation for a method
   --> crates/nes-desktop/src/rta.rs:623:5
    |
623 |     pub fn is_active(&self) -> bool {
    |     ^^^^^^^^^^^^^^^^^^^^^^^^^^^^^^^

warning: missing documentation for a method
   --> crates/nes-desktop/src/rta.rs:630:5
    |
630 |     pub fn can_manual_override_profile(&self) -> bool {
    |     ^^^^^^^^^^^^^^^^^^^^^^^^^^^^^^^^^^^^^^^^^^^^^^^^^

warning: missing documentation for a method
   --> crates/nes-desktop/src/rta.rs:634:5
    |
634 |     pub fn is_valid_run(&self) -> bool {
    |     ^^^^^^^^^^^^^^^^^^^^^^^^^^^^^^^^^^

warning: missing documentation for a method
   --> crates/nes-desktop/src/rta.rs:638:5
    |
638 |     pub fn elapsed(&self, now: Instant) -> Duration {
    |     ^^^^^^^^^^^^^^^^^^^^^^^^^^^^^^^^^^^^^^^^^^^^^^^

warning: missing documentation for a method
   --> crates/nes-desktop/src/rta.rs:652:5
    |
652 |     pub fn split_events(&self) -> &[SplitEvent] {
    |     ^^^^^^^^^^^^^^^^^^^^^^^^^^^^^^^^^^^^^^^^^^^

warning: missing documentation for a method
   --> crates/nes-desktop/src/rta.rs:656:5
    |
656 |     pub fn invalidation_reasons(&self) -> Vec<String> {
    |     ^^^^^^^^^^^^^^^^^^^^^^^^^^^^^^^^^^^^^^^^^^^^^^^^^

warning: missing documentation for a method
   --> crates/nes-desktop/src/rta.rs:660:5
    |
660 | /     pub fn tick<F>(&mut self, frame: u64, now: Instant, mut read_u8: ...
661 | |     where
662 | |         F: FnMut(u16) -> u8,
    | |____________________________^

warning: missing documentation for a method
   --> crates/nes-desktop/src/rta.rs:730:5
    |
730 | /     pub fn mark_forbidden_action(
731 | |         &mut self,
732 | |         action: ForbiddenAction,
733 | |         _frame: u64,
734 | |         _now: Instant,
735 | |     ) -> Option<RtaEvent> {
    | |_________________________^

warning: missing documentation for a method
   --> crates/nes-desktop/src/rta.rs:773:5
    |
773 |     pub fn manual_split(&mut self, frame: u64, now: Instant) -> Option<RtaEvent> {
    |     ^^^^^^^^^^^^^^^^^^^^^^^^^^^^^^^^^^^^^^^^^^^^^^^^^^^^^^^^^^^^^^^^^^^^^^^^^^^^

warning: missing documentation for a method
   --> crates/nes-desktop/src/rta.rs:785:5
    |
785 |     pub fn force_finish(&mut self, frame: u64, now: Instant) -> Option<RtaEvent> {
    |     ^^^^^^^^^^^^^^^^^^^^^^^^^^^^^^^^^^^^^^^^^^^^^^^^^^^^^^^^^^^^^^^^^^^^^^^^^^^^

warning: missing documentation for a method
   --> crates/nes-desktop/src/rta.rs:797:5
    |
797 | /     pub fn record_input_frame(
798 | |         &mut self,
799 | |         frame: u64,
800 | |         controller1_bits: u8,
801 | |         controller2_bits: u8,
802 | |         now: Instant,
803 | |     ) {
    | |_____^

warning: missing documentation for a method
   --> crates/nes-desktop/src/rta.rs:815:5
    |
815 |     pub fn write_artifacts_if_finished(&mut self) -> Result<Option<RunArtifactPaths>, String> {
    |     ^^^^^^^^^^^^^^^^^^^^^^^^^^^^^^^^^^^^^^^^^^^^^^^^^^^^^^^^^^^^^^^^^^^^^^^^^^^^^^^^^^^^^^^^^

warning: missing documentation for a method
   --> crates/nes-desktop/src/rta.rs:877:5
    |
877 | /     pub fn write_calibration_draft(
878 | |         &self,
879 | |         profiles_dir: &Path,
880 | |     ) -> Result<Option<DraftOutput>, String> {
    | |____________________________________________^

warning: missing documentation for a struct
   --> crates/nes-desktop/src/rta.rs:929:1
    |
929 | pub struct DraftOutput {
    | ^^^^^^^^^^^^^^^^^^^^^^

warning: missing documentation for a struct field
   --> crates/nes-desktop/src/rta.rs:930:5
    |
930 |     pub profile_path: PathBuf,
    |     ^^^^^^^^^^^^^^^^^^^^^^^^^

warning: missing documentation for a struct field
   --> crates/nes-desktop/src/rta.rs:931:5
    |
931 |     pub report_path: PathBuf,
    |     ^^^^^^^^^^^^^^^^^^^^^^^^

warning: missing documentation for a struct
   --> crates/nes-desktop/src/rta.rs:947:1
    |
947 | pub struct CalibrationRecorder {
    | ^^^^^^^^^^^^^^^^^^^^^^^^^^^^^^

warning: missing documentation for an associated function
   --> crates/nes-desktop/src/rta.rs:955:5
    |
955 |     pub fn new(profile_id: String) -> Self {
    |     ^^^^^^^^^^^^^^^^^^^^^^^^^^^^^^^^^^^^^^

warning: missing documentation for a method
   --> crates/nes-desktop/src/rta.rs:964:5
    |
964 | /     pub fn record_frame<F>(&mut self, frame: u64, mut read_u8: F)
965 | |     where
966 | |         F: FnMut(u16) -> u8,
    | |____________________________^

warning: missing documentation for a method
   --> crates/nes-desktop/src/rta.rs:978:5
    |
978 |     pub fn mark_split(&mut self, name: String, frame: u64) {
    |     ^^^^^^^^^^^^^^^^^^^^^^^^^^^^^^^^^^^^^^^^^^^^^^^^^^^^^^

warning: missing documentation for a method
   --> crates/nes-desktop/src/rta.rs:982:5
    |
982 | /     pub fn write_draft_profile(
983 | |         &self,
984 | |         profiles_dir: &Path,
985 | |         rom_hash: &str,
986 | |     ) -> Result<DraftOutput, String> {
    | |____________________________________^

warning: missing documentation for a struct field
 --> crates/nes-desktop/src/session_cheats.rs:6:5
  |
6 |     pub raw_code: String,
  |     ^^^^^^^^^^^^^^^^^^^^

warning: missing documentation for a struct field
 --> crates/nes-desktop/src/session_cheats.rs:7:5
  |
7 |     pub enabled: bool,
  |     ^^^^^^^^^^^^^^^^^

warning: missing documentation for a variant
  --> crates/nes-desktop/src/session_cheats.rs:13:5
   |
13 |     InvalidCode(CheatCodeError),
   |     ^^^^^^^^^^^

warning: missing documentation for a variant
  --> crates/nes-desktop/src/session_cheats.rs:14:5
   |
14 |     MissingIndex { index: usize, len: usize },
   |     ^^^^^^^^^^^^

warning: missing documentation for a struct field
  --> crates/nes-desktop/src/session_cheats.rs:14:20
   |
14 |     MissingIndex { index: usize, len: usize },
   |                    ^^^^^^^^^^^^

warning: missing documentation for a struct field
  --> crates/nes-desktop/src/session_cheats.rs:14:34
   |
14 |     MissingIndex { index: usize, len: usize },
   |                                  ^^^^^^^^^^

warning: missing documentation for an associated function
  --> crates/nes-desktop/src/session_cheats.rs:47:5
   |
47 |     pub const fn new() -> Self {
   |     ^^^^^^^^^^^^^^^^^^^^^^^^^^

warning: missing documentation for an associated function
  --> crates/nes-desktop/src/session_cheats.rs:53:5
   |
53 |     pub fn from_raw_codes(raw_codes: &[String]) -> Result<Self, SessionCheatError> {
   |     ^^^^^^^^^^^^^^^^^^^^^^^^^^^^^^^^^^^^^^^^^^^^^^^^^^^^^^^^^^^^^^^^^^^^^^^^^^^^^^

warning: missing documentation for a method
  --> crates/nes-desktop/src/session_cheats.rs:61:5
   |
61 |     pub fn add(&mut self, raw_code: &str) -> Result<(), SessionCheatError> {
   |     ^^^^^^^^^^^^^^^^^^^^^^^^^^^^^^^^^^^^^^^^^^^^^^^^^^^^^^^^^^^^^^^^^^^^^^

warning: missing documentation for a method
  --> crates/nes-desktop/src/session_cheats.rs:70:5
   |
70 |     pub fn toggle(&mut self, index: usize) -> Result<(), SessionCheatError> {
   |     ^^^^^^^^^^^^^^^^^^^^^^^^^^^^^^^^^^^^^^^^^^^^^^^^^^^^^^^^^^^^^^^^^^^^^^^

warning: missing documentation for a method
  --> crates/nes-desktop/src/session_cheats.rs:80:5
   |
80 |     pub fn remove(&mut self, index: usize) -> Result<SessionCheat, SessionCheatError> {
   |     ^^^^^^^^^^^^^^^^^^^^^^^^^^^^^^^^^^^^^^^^^^^^^^^^^^^^^^^^^^^^^^^^^^^^^^^^^^^^^^^^^

warning: missing documentation for a method
  --> crates/nes-desktop/src/session_cheats.rs:90:5
   |
90 |     pub fn clear(&mut self) {
   |     ^^^^^^^^^^^^^^^^^^^^^^^

warning: missing documentation for a method
  --> crates/nes-desktop/src/session_cheats.rs:95:5
   |
95 |     pub fn entries(&self) -> &[SessionCheat] {
   |     ^^^^^^^^^^^^^^^^^^^^^^^^^^^^^^^^^^^^^^^^

warning: missing documentation for a method
   --> crates/nes-desktop/src/session_cheats.rs:100:5
    |
100 |     pub fn enabled_codes(&self) -> Vec<String> {
    |     ^^^^^^^^^^^^^^^^^^^^^^^^^^^^^^^^^^^^^^^^^^

warning: missing documentation for a method
   --> crates/nes-desktop/src/session_cheats.rs:109:5
    |
109 |     pub fn len(&self) -> usize {
    |     ^^^^^^^^^^^^^^^^^^^^^^^^^^

warning: missing documentation for a method
   --> crates/nes-desktop/src/session_cheats.rs:114:5
    |
114 |     pub fn is_empty(&self) -> bool {
    |     ^^^^^^^^^^^^^^^^^^^^^^^^^^^^^^

warning: `nes-desktop` (lib doc) generated 221 warnings
    Finished `dev` profile [unoptimized + debuginfo] target(s) in 15.04s
   Generated /app/target/doc/nes_desktop/index.html
