warning: missing documentation for a struct field
  --> crates/nes-dsl/src/lib.rs:95:13
   |
95 |     Parse { line: usize, message: String },
   |             ^^^^^^^^^^^
   |
   = note: requested on the command line with `-W missing-docs`

warning: missing documentation for a struct field
  --> crates/nes-dsl/src/lib.rs:95:26
   |
95 |     Parse { line: usize, message: String },
   |                          ^^^^^^^^^^^^^^^

warning: missing documentation for a struct field
   --> crates/nes-dsl/src/lib.rs:102:9
    |
102 |         addr: u16,
    |         ^^^^^^^^^

warning: missing documentation for a struct field
   --> crates/nes-dsl/src/lib.rs:103:9
    |
103 |         existing: u8,
    |         ^^^^^^^^^^^^

warning: missing documentation for a struct field
   --> crates/nes-dsl/src/lib.rs:104:9
    |
104 |         incoming: u8,
    |         ^^^^^^^^^^^^

warning: missing documentation for a struct field
   --> crates/nes-dsl/src/lib.rs:110:9
    |
110 |         line: usize,
    |         ^^^^^^^^^^^

warning: missing documentation for a struct field
   --> crates/nes-dsl/src/lib.rs:111:9
    |
111 |         value: i64,
    |         ^^^^^^^^^^

warning: missing documentation for a struct field
   --> crates/nes-dsl/src/lib.rs:112:9
    |
112 |         width_bits: u8,
    |         ^^^^^^^^^^^^^^

warning: missing documentation for a struct field
   --> crates/nes-dsl/src/lib.rs:115:24
    |
115 |     BranchOutOfRange { line: usize, from: u16, to: u16 },
    |                        ^^^^^^^^^^^

warning: missing documentation for a struct field
   --> crates/nes-dsl/src/lib.rs:115:37
    |
115 |     BranchOutOfRange { line: usize, from: u16, to: u16 },
    |                                     ^^^^^^^^^

warning: missing documentation for a struct field
   --> crates/nes-dsl/src/lib.rs:115:48
    |
115 |     BranchOutOfRange { line: usize, from: u16, to: u16 },
    |                                                ^^^^^^^

warning: missing documentation for a struct field
   --> crates/nes-dsl/src/lib.rs:117:23
    |
117 |     UnknownMnemonic { line: usize, mnemonic: String },
    |                       ^^^^^^^^^^^

warning: missing documentation for a struct field
   --> crates/nes-dsl/src/lib.rs:117:36
    |
117 |     UnknownMnemonic { line: usize, mnemonic: String },
    |                                    ^^^^^^^^^^^^^^^^

warning: missing documentation for a struct field
   --> crates/nes-dsl/src/lib.rs:120:9
    |
120 |         line: usize,
    |         ^^^^^^^^^^^

warning: missing documentation for a struct field
   --> crates/nes-dsl/src/lib.rs:121:9
    |
121 |         mnemonic: String,
    |         ^^^^^^^^^^^^^^^^

warning: missing documentation for a struct field
   --> crates/nes-dsl/src/lib.rs:122:9
    |
122 |         mode: String,
    |         ^^^^^^^^^^^^

warning: `nes-dsl` (lib doc) generated 16 warnings
    Finished `dev` profile [unoptimized + debuginfo] target(s) in 0.18s
   Generated /app/target/doc/nes_dsl/index.html
