
*** crates/nes-web/src/bridge.rs:21:5: replace map_dom_key_to_command -> Option<BridgeCommand> with None

*** mutation diff:
--- crates/nes-web/src/bridge.rs
+++ replace map_dom_key_to_command -> Option<BridgeCommand> with None
@@ -13,28 +13,10 @@
             Command::ReleaseButton(_) => "release_button",
             _ => "unsupported",
         }
     }
 }

 #[must_use]
 pub fn map_dom_key_to_command(key_code: &str, pressed: bool) -> Option<BridgeCommand> {
-    let button = match key_code {
-        "KeyZ" => Button::A,
-        "KeyX" => Button::B,
-        "Enter" => Button::Start,
-        "ShiftRight" => Button::Select,
-        "ArrowUp" => Button::Up,
-        "ArrowDown" => Button::Down,
-        "ArrowLeft" => Button::Left,
-        "ArrowRight" => Button::Right,
-        _ => return None,
-    };
-
-    let core = if pressed {
-        Command::PressButton(button)
-    } else {
-        Command::ReleaseButton(button)
-    };
-
-    Some(BridgeCommand { core })
+    None /* ~ changed by cargo-mutants ~ */
 }


*** /home/jules/.rustup/toolchains/stable-x86_64-unknown-linux-gnu/bin/cargo test --no-run --verbose --package=nes-web@0.1.0
       Fresh unicode-ident v1.0.24
       Fresh proc-macro2 v1.0.106
       Fresh bumpalo v3.20.2
       Fresh quote v1.0.44
       Fresh wasm-bindgen-shared v0.2.113
       Fresh once_cell v1.21.3
       Fresh cfg-if v1.0.4
       Fresh syn v2.0.117
       Fresh rustversion v1.0.22
       Fresh nes-core v0.1.0 (/tmp/cargo-mutants-app-XOdFY5.tmp/crates/nes-core)
       Fresh wasm-bindgen-macro-support v0.2.113
       Fresh wasm-bindgen-macro v0.2.113
       Fresh wasm-bindgen v0.2.113
       Dirty nes-web v0.1.0 (/tmp/cargo-mutants-app-XOdFY5.tmp/crates/nes-web): the file `crates/nes-web/src/bridge.rs` has changed (1772442227.622663207s, 1s after last build at 1772442226.842663216s)
   Compiling nes-web v0.1.0 (/tmp/cargo-mutants-app-XOdFY5.tmp/crates/nes-web)
     Running `/home/jules/.rustup/toolchains/stable-x86_64-unknown-linux-gnu/bin/rustc --crate-name nes_web --edition=2024 crates/nes-web/src/lib.rs --error-format=json --json=diagnostic-rendered-ansi,artifacts,future-incompat --crate-type cdylib --crate-type rlib --emit=dep-info,link -C embed-bitcode=no -C debuginfo=2 --check-cfg 'cfg(docsrs,test)' --check-cfg 'cfg(feature, values())' -C metadata=47a861cb61b6e830 --out-dir /tmp/cargo-mutants-app-XOdFY5.tmp/target/debug/deps -C incremental=/tmp/cargo-mutants-app-XOdFY5.tmp/target/debug/incremental -L dependency=/tmp/cargo-mutants-app-XOdFY5.tmp/target/debug/deps --extern nes_core=/tmp/cargo-mutants-app-XOdFY5.tmp/target/debug/deps/libnes_core-f0872704b058a123.rlib --extern wasm_bindgen=/tmp/cargo-mutants-app-XOdFY5.tmp/target/debug/deps/libwasm_bindgen-5aed221a4b896dba.rlib`
     Running `/home/jules/.rustup/toolchains/stable-x86_64-unknown-linux-gnu/bin/rustc --crate-name nes_web --edition=2024 crates/nes-web/src/lib.rs --error-format=json --json=diagnostic-rendered-ansi,artifacts,future-incompat --emit=dep-info,link -C embed-bitcode=no -C debuginfo=2 --test --check-cfg 'cfg(docsrs,test)' --check-cfg 'cfg(feature, values())' -C metadata=32bf900276937150 -C extra-filename=-800771184762ed09 --out-dir /tmp/cargo-mutants-app-XOdFY5.tmp/target/debug/deps -C incremental=/tmp/cargo-mutants-app-XOdFY5.tmp/target/debug/incremental -L dependency=/tmp/cargo-mutants-app-XOdFY5.tmp/target/debug/deps --extern nes_core=/tmp/cargo-mutants-app-XOdFY5.tmp/target/debug/deps/libnes_core-f0872704b058a123.rlib --extern wasm_bindgen=/tmp/cargo-mutants-app-XOdFY5.tmp/target/debug/deps/libwasm_bindgen-5aed221a4b896dba.rlib`
warning: unused import: `Button`
 --> crates/nes-web/src/bridge.rs:1:16
  |
1 | use nes_core::{Button, Command};
  |                ^^^^^^
  |
  = note: `#[warn(unused_imports)]` (part of `#[warn(unused)]`) on by default

warning: unused variable: `key_code`
  --> crates/nes-web/src/bridge.rs:20:31
   |
20 | pub fn map_dom_key_to_command(key_code: &str, pressed: bool) -> Option<BridgeCommand> {
   |                               ^^^^^^^^ help: if this is intentional, prefix it with an underscore: `_key_code`
   |
   = note: `#[warn(unused_variables)]` (part of `#[warn(unused)]`) on by default

warning: unused variable: `pressed`
  --> crates/nes-web/src/bridge.rs:20:47
   |
20 | pub fn map_dom_key_to_command(key_code: &str, pressed: bool) -> Option<BridgeCommand> {
   |                                               ^^^^^^^ help: if this is intentional, prefix it with an underscore: `_pressed`

warning: `nes-web` (lib test) generated 3 warnings (run `cargo fix --lib -p nes-web --tests` to apply 3 suggestions)
warning: `nes-web` (lib) generated 3 warnings (3 duplicates)
     Running `/home/jules/.rustup/toolchains/stable-x86_64-unknown-linux-gnu/bin/rustc --crate-name web_bridge --edition=2024 crates/nes-web/tests/web_bridge.rs --error-format=json --json=diagnostic-rendered-ansi,artifacts,future-incompat --emit=dep-info,link -C embed-bitcode=no -C debuginfo=2 --test --check-cfg 'cfg(docsrs,test)' --check-cfg 'cfg(feature, values())' -C metadata=cfdbce87f717f598 -C extra-filename=-3d57ee163378f3b2 --out-dir /tmp/cargo-mutants-app-XOdFY5.tmp/target/debug/deps -C incremental=/tmp/cargo-mutants-app-XOdFY5.tmp/target/debug/incremental -L dependency=/tmp/cargo-mutants-app-XOdFY5.tmp/target/debug/deps --extern nes_core=/tmp/cargo-mutants-app-XOdFY5.tmp/target/debug/deps/libnes_core-f0872704b058a123.rlib --extern nes_web=/tmp/cargo-mutants-app-XOdFY5.tmp/target/debug/deps/libnes_web.rlib --extern wasm_bindgen=/tmp/cargo-mutants-app-XOdFY5.tmp/target/debug/deps/libwasm_bindgen-5aed221a4b896dba.rlib`
    Finished `test` profile [unoptimized + debuginfo] target(s) in 0.56s
  Executable `/tmp/cargo-mutants-app-XOdFY5.tmp/target/debug/deps/nes_web-800771184762ed09`
  Executable `/tmp/cargo-mutants-app-XOdFY5.tmp/target/debug/deps/web_bridge-3d57ee163378f3b2`

*** result: Success

*** /home/jules/.rustup/toolchains/stable-x86_64-unknown-linux-gnu/bin/cargo test --verbose --package=nes-web@0.1.0
       Fresh unicode-ident v1.0.24
       Fresh proc-macro2 v1.0.106
       Fresh bumpalo v3.20.2
       Fresh quote v1.0.44
       Fresh wasm-bindgen-shared v0.2.113
       Fresh once_cell v1.21.3
       Fresh cfg-if v1.0.4
       Fresh syn v2.0.117
       Fresh rustversion v1.0.22
       Fresh nes-core v0.1.0 (/tmp/cargo-mutants-app-XOdFY5.tmp/crates/nes-core)
       Fresh wasm-bindgen-macro-support v0.2.113
       Fresh wasm-bindgen-macro v0.2.113
       Fresh wasm-bindgen v0.2.113
warning: unused import: `Button`
 --> crates/nes-web/src/bridge.rs:1:16
  |
1 | use nes_core::{Button, Command};
  |                ^^^^^^
  |
  = note: `#[warn(unused_imports)]` (part of `#[warn(unused)]`) on by default

warning: unused variable: `key_code`
  --> crates/nes-web/src/bridge.rs:20:31
   |
20 | pub fn map_dom_key_to_command(key_code: &str, pressed: bool) -> Option<BridgeCommand> {
   |                               ^^^^^^^^ help: if this is intentional, prefix it with an underscore: `_key_code`
   |
   = note: `#[warn(unused_variables)]` (part of `#[warn(unused)]`) on by default

warning: unused variable: `pressed`
  --> crates/nes-web/src/bridge.rs:20:47
   |
20 | pub fn map_dom_key_to_command(key_code: &str, pressed: bool) -> Option<BridgeCommand> {
   |                                               ^^^^^^^ help: if this is intentional, prefix it with an underscore: `_pressed`

warning: `nes-web` (lib) generated 3 warnings (run `cargo fix --lib -p nes-web` to apply 3 suggestions)
warning: `nes-web` (lib test) generated 3 warnings (3 duplicates)
       Fresh nes-web v0.1.0 (/tmp/cargo-mutants-app-XOdFY5.tmp/crates/nes-web)
    Finished `test` profile [unoptimized + debuginfo] target(s) in 0.12s
     Running `/tmp/cargo-mutants-app-XOdFY5.tmp/target/debug/deps/nes_web-800771184762ed09`

running 0 tests

test result: ok. 0 passed; 0 failed; 0 ignored; 0 measured; 0 filtered out; finished in 0.00s

     Running `/tmp/cargo-mutants-app-XOdFY5.tmp/target/debug/deps/web_bridge-3d57ee163378f3b2`

running 5 tests
test dom_key_maps_all_supported_keys ... FAILED
test dom_key_maps_to_press_button_command ... FAILED
test release_button_command_maps_to_tool_name ... FAILED
test runtime_dispatch_dom_key_updates_controller_state ... FAILED
test runtime_loads_minimal_rom_and_produces_video_audio_buffers ... ok

failures:

---- dom_key_maps_all_supported_keys stdout ----

thread 'dom_key_maps_all_supported_keys' (32154) panicked at crates/nes-web/tests/web_bridge.rs:12:5:
assertion failed: map_dom_key_to_command("KeyZ", true).is_some()
note: run with `RUST_BACKTRACE=1` environment variable to display a backtrace

---- dom_key_maps_to_press_button_command stdout ----

thread 'dom_key_maps_to_press_button_command' (32155) panicked at crates/nes-web/tests/web_bridge.rs:6:52:
called `Option::unwrap()` on a `None` value

---- release_button_command_maps_to_tool_name stdout ----

thread 'release_button_command_maps_to_tool_name' (32156) panicked at crates/nes-web/tests/web_bridge.rs:24:53:
called `Option::unwrap()` on a `None` value

---- runtime_dispatch_dom_key_updates_controller_state stdout ----

thread 'runtime_dispatch_dom_key_updates_controller_state' (32157) panicked at crates/nes-web/tests/web_bridge.rs:57:5:
assertion failed: mapped


failures:
    dom_key_maps_all_supported_keys
    dom_key_maps_to_press_button_command
    release_button_command_maps_to_tool_name
    runtime_dispatch_dom_key_updates_controller_state

test result: FAILED. 1 passed; 4 failed; 0 ignored; 0 measured; 0 filtered out; finished in 0.11s

error: test failed, to rerun pass `-p nes-web --test web_bridge`

*** result: Failure(101)
